Welcome to Adventure!!  Would you like instructions?
** 
You are standing at the end of a road before a small brick building.
Around you is a forest.  A small stream flows out of the building and
down a gully.
* 
You are inside a building, a well house for a large spring.
There are some keys on the ground here.
There is a shiny brass lamp nearby.
There is food here.
There is a bottle of water here.
* OK.
* OK.
* 
It is now pitch dark.  If you proceed you will most likely fall into a pit.
* Your lamp is now on.

You are in a debris room filled with stuff washed in from the surface.
A low wide passage with cobbles becomes plugged with mud and debris
here, but an awkward canyon leads upward and west.  A note on the wall
says "MAGIC WORD XYZZY".
A three-foot black rod with a rusty star on an end lies nearby.
* OK.
* 
You are in an awkward sloping east/west canyon.
* I see no cage here.
* 
You are in a splendid chamber thirty feet high.  The walls are frozen
rivers of orange stone.  An awkward canyon and a good passage exit
from east and west sides of the chamber.
A cheerful little bird is sitting here singing.
* The bird was unafraid when you entered, but as you approach it becomes
disturbed and you cannot catch it.
* 
At your feet is a small pit breathing traces of white mist.  An east
passage ends here except for a small crack leading on.
Rough stone steps lead down the pit.
* OK.
* I see no cage here.
* You are currently holding the following:
 Set of keys
 Brass lantern
* Do you really want to quit now?
** OK.
You scored 32 points out of a possible 350, using 15 turns.
You are obviously a rank amateur.  Better luck next time.
To achieve the next higher rating, you need 4 more points.
