Welcome to Adventure!!  Would you like instructions?
** 
You are standing at the end of a road before a small brick building.
Around you is a forest.  A small stream flows out of the building and
down a gully.
* 
You are inside a building, a well house for a large spring.
There are some keys on the ground here.
There is a shiny brass lamp nearby.
There is food here.
There is a bottle of water here.
* OK.
* 
You're at end of road again.
* 
You are in a valley in the forest beside a stream tumbling along a
rocky bed.
* 
You are in a 20-foot depression floored with bare dirt.  Set into the
dirt is a strong steel grate mounted in concrete.  A dry streambed
leads into the depression.
The grate is locked.
* You can't go through a locked steel grate!

You're outside grate.
The grate is locked.
* 
You are in open forest, with a deep valley to one side.
* Do you really want to quit now?
** OK.
You scored 32 points out of a possible 350, using 8 turns.
You are obviously a rank amateur.  Better luck next time.
To achieve the next higher rating, you need 4 more points.
