Welcome to Adventure!!  Would you like instructions?
** 
You are standing at the end of a road before a small brick building.
Around you is a forest.  A small stream flows out of the building and
down a gully.
* 
You are inside a building, a well house for a large spring.
There are some keys on the ground here.
There is a shiny brass lamp nearby.
There is food here.
There is a bottle of water here.
* OK.
* The bottle of water is now empty.
* Your bottle is now full of water.
* The bottle of water is now empty.
* Thank you, it was delicious!
* I see no food here.
* You are currently holding the following:
 Small bottle
* Do you really want to quit now?
** OK.
You scored 32 points out of a possible 350, using 9 turns.
You are obviously a rank amateur.  Better luck next time.
To achieve the next higher rating, you need 4 more points.
