Welcome to Adventure!!  Would you like instructions?
** 
You are standing at the end of a road before a small brick building.
Around you is a forest.  A small stream flows out of the building and
down a gully.
* 
You are inside a building, a well house for a large spring.
There are some keys on the ground here.
There is a shiny brass lamp nearby.
There is food here.
There is a bottle of water here.
* OK.
* What do you want to do with the keys?
* 
It is now pitch dark.  If you proceed you will most likely fall into a pit.
* Your lamp is now on.

You are in a debris room filled with stuff washed in from the surface.
A low wide passage with cobbles becomes plugged with mud and debris
here, but an awkward canyon leads upward and west.  A note on the wall
says "MAGIC WORD XYZZY".
A three-foot black rod with a rusty star on an end lies nearby.
* 
You are in an awkward sloping east/west canyon.
* 
You are in a splendid chamber thirty feet high.  The walls are frozen
rivers of orange stone.  An awkward canyon and a good passage exit
from east and west sides of the chamber.
A cheerful little bird is sitting here singing.
* 
At your feet is a small pit breathing traces of white mist.  An east
passage ends here except for a small crack leading on.
Rough stone steps lead down the pit.
* 
You are at one end of a vast hall stretching forward out of sight to
the west.  There are openings to either side.  Nearby, a wide stone
staircase leads downward.  The hall is filled with wisps of white mist
swaying to and fro almost as if alive.  A cold wind blows up the
staircase.  There is a passage at the top of a dome behind you.
Rough stone steps lead up the dome.
* 
You are on the east bank of a fissure slicing clear across the hall.
The mist is quite thick here, and the fissure is too wide to jump.
* There is no way across the fissure.

You're on east bank of fissure.
* There is no way to go in that direction.

You're on east bank of fissure.
* There is no way to go in that direction.

You're on east bank of fissure.
* There is no way to go in that direction.

You're on east bank of fissure.
* There is no way to go in that direction.

You are on the east bank of a fissure slicing clear across the hall.
The mist is quite thick here, and the fissure is too wide to jump.
* There is no way to go in that direction.

You're on east bank of fissure.
* There is no way to go in that direction.

You're on east bank of fissure.
* There is no way to go in that direction.

You're on east bank of fissure.
* Do you really want to quit now?
** OK.
You scored 57 points out of a possible 350, using 19 turns.
Your score qualifies you as a novice class adventurer.
To achieve the next higher rating, you need 44 more points.
