어드벤처에 온 걸 환영해!!  설명을 들어볼래?
** 
넌 작은 벽돌 건물 앞, 길 끝에 서 있어.  주위는 온통 숲이야.  건물에서
작은 시냇물이 흘러나와 도랑을 따라 내려가.
* 
넌 큰 샘을 덮은 우물 건물 안에 있어.
바닥에 열쇠 몇 개가 있어.
근처에 반짝이는 놋쇠 램프가 있어.
여기 음식이 있어.
여기 물이 든 병이 있어.
* 
이제 칠흑같이 어두워.  계속 가면 십중팔구 구덩이에 빠질 거야.
공허한 목소리가 "PLUGH"라고 말해.
* 
이제 칠흑같이 어두워.  계속 가면 십중팔구 구덩이에 빠질 거야.
* 그 방향으로는 갈 수 없어.

이제 칠흑같이 어두워.  계속 가면 십중팔구 구덩이에 빠질 거야.
* "예" 같은 단어는 모르겠어.
* 아무 일도 일어나지 않아.

이제 칠흑같이 어두워.  계속 가면 십중팔구 구덩이에 빠질 거야.
* 여기선 안과 밖을 모르겠어.  나침반 방향을 쓰거나 가려는 쪽에
있는 걸 말해 줘.

이제 칠흑같이 어두워.  계속 가면 십중팔구 구덩이에 빠질 거야.
* 정말 지금 그만두고 싶어?
** 알았어.
350점 만점에 57점을 얻었고, 8번 움직였어.
이 점수면 초보 모험가라고 할 만해.
다음 등급에 오르려면 44점이 더 필요해.
