어드벤처에 온 걸 환영해!!  설명을 들어볼래?
** 
넌 작은 벽돌 건물 앞, 길 끝에 서 있어.  주위는 온통 숲이야.  건물에서
작은 시냇물이 흘러나와 도랑을 따라 내려가.
* 
넌 큰 샘을 덮은 우물 건물 안에 있어.
바닥에 열쇠 몇 개가 있어.
근처에 반짝이는 놋쇠 램프가 있어.
여기 음식이 있어.
여기 물이 든 병이 있어.
* 알았어.
* 
다시 길 끝에 왔어.
* 
넌 숲 속 계곡에 있어.  바위투성이 바닥 위로 시냇물이 굴러 흘러가.
* 
넌 맨흙 바닥의 20피트 웅덩이에 있어.  흙 속에는 콘크리트에 박힌
튼튼한 강철 창살이 있어.  마른 시내 바닥이 웅덩이로 이어져.
창살이 잠겨 있어.
* 잠긴 강철 창살로는 지나갈 수 없어!

창살 밖에 있어.
창살이 잠겨 있어.
* 
넌 탁 트인 숲에 있고, 한쪽엔 깊은 계곡이 있어.
* 정말 지금 그만두고 싶어?
** 알았어.
350점 만점에 32점을 얻었고, 8번 움직였어.
넌 누가 봐도 풋내기야.  다음엔 운이 따르길.
다음 등급에 오르려면 4점이 더 필요해.
