어드벤처에 온 걸 환영해!!  설명을 들어볼래?
** 
넌 작은 벽돌 건물 앞, 길 끝에 서 있어.  주위는 온통 숲이야.  건물에서
작은 시냇물이 흘러나와 도랑을 따라 내려가.
* 
넌 큰 샘을 덮은 우물 건물 안에 있어.
바닥에 열쇠 몇 개가 있어.
근처에 반짝이는 놋쇠 램프가 있어.
여기 음식이 있어.
여기 물이 든 병이 있어.
* 알았어.
* 이제 물병이 비었어.
* 이제 병에 물이 가득해.
* 이제 물병이 비었어.
* 고마워, 맛있었어!
* 여기 음식 같은 건 안 보여.
* 지금 들고 있는 건 이래:
 작은 병
* 정말 지금 그만두고 싶어?
** 알았어.
350점 만점에 32점을 얻었고, 9번 움직였어.
넌 누가 봐도 풋내기야.  다음엔 운이 따르길.
다음 등급에 오르려면 4점이 더 필요해.
