어드벤처에 온 걸 환영해!!  설명을 들어볼래?
** 
넌 작은 벽돌 건물 앞, 길 끝에 서 있어.  주위는 온통 숲이야.  건물에서
작은 시냇물이 흘러나와 도랑을 따라 내려가.
* 
넌 큰 샘을 덮은 우물 건물 안에 있어.
바닥에 열쇠 몇 개가 있어.
근처에 반짝이는 놋쇠 램프가 있어.
여기 음식이 있어.
여기 물이 든 병이 있어.
* 알았어.
* 알았어.
* 
이제 칠흑같이 어두워.  계속 가면 십중팔구 구덩이에 빠질 거야.
* 이제 램프가 켜졌어.

넌 지상에서 떠내려온 잡동사니로 가득한 잔해 방에 있어.  자갈 깔린
낮고 넓은 통로가 여기서 진흙과 잔해로 막혀 있지만, 어색하게 기운
협곡이 위쪽 서편으로 이어져.  벽에 적힌 쪽지엔 "마법 단어 XYZZY"라고
쓰여 있어.
끝에 녹슨 별이 있는 3피트짜리 검은 막대가 근처에 놓여 있어.
* 알았어.
* 
넌 동서로 어색하게 비탈진 협곡에 있어.
* 여기 새장 같은 건 안 보여.
* 지금 들고 있는 건 이래:
 열쇠 꾸러미
 놋쇠 등불
 검은 막대
* 정말 지금 그만두고 싶어?
** 알았어.
350점 만점에 32점을 얻었고, 10번 움직였어.
넌 누가 봐도 풋내기야.  다음엔 운이 따르길.
다음 등급에 오르려면 4점이 더 필요해.
