어드벤처에 온 걸 환영해!!  설명을 들어볼래?
** 
넌 작은 벽돌 건물 앞, 길 끝에 서 있어.  주위는 온통 숲이야.  건물에서
작은 시냇물이 흘러나와 도랑을 따라 내려가.
* 
넌 큰 샘을 덮은 우물 건물 안에 있어.
바닥에 열쇠 몇 개가 있어.
근처에 반짝이는 놋쇠 램프가 있어.
여기 음식이 있어.
여기 물이 든 병이 있어.
* 
다시 길 끝에 왔어.
* 
넌 숲 속 계곡에 있어.  바위투성이 바닥 위로 시냇물이 굴러 흘러가.
* 
발치에서 시냇물이 전부 바위의 2인치 틈으로 첨벙 빨려 들어가.  하류
쪽 바닥은 맨바위야.
* 
계곡에 있어.
* 
넌 탁 트인 숲에 있고, 한쪽엔 깊은 계곡이 있어.
* 그 방향으로는 갈 수 없어.

숲에 있어.
* 
계곡에 있어.
* 여기선 안과 밖을 모르겠어.  나침반 방향을 쓰거나 가려는 쪽에
있는 걸 말해 줘.

계곡에 있어.
* 아무 일도 일어나지 않아.

계곡에 있어.
* 아무 일도 일어나지 않아.

넌 숲 속 계곡에 있어.  바위투성이 바닥 위로 시냇물이 굴러 흘러가.
* 정말 지금 그만두고 싶어?
** 알았어.
350점 만점에 32점을 얻었고, 12번 움직였어.
넌 누가 봐도 풋내기야.  다음엔 운이 따르길.
다음 등급에 오르려면 4점이 더 필요해.
