Welcome to Adventure!!  Would you like instructions?
** 
You are standing at the end of a road before a small brick building.
Around you is a forest.  A small stream flows out of the building and
down a gully.
* 
You are inside a building, a well house for a large spring.
There are some keys on the ground here.
There is a shiny brass lamp nearby.
There is food here.
There is a bottle of water here.
* OK.
* 
It is now pitch dark.  If you proceed you will most likely fall into a pit.
* Your lamp is now on.

You are in a large room, with a passage to the south, a passage to the
west, and a wall of broken rock to the east.  There is a large "Y2" on
a rock in the room's center.
* Sorry, but I am not allowed to give more detail.  I will repeat the
long description of your location.

You are in a large room, with a passage to the south, a passage to the
west, and a wall of broken rock to the east.  There is a large "Y2" on
a rock in the room's center.
* 
You're inside building.
There are some keys on the ground here.
There is food here.
There is a bottle of water here.
* 
You're at end of road again.
* Do you really want to quit now?
** OK.
You scored 57 points out of a possible 350, using 8 turns.
Your score qualifies you as a novice class adventurer.
To achieve the next higher rating, you need 44 more points.
