Welcome to Adventure!!  Would you like instructions?
** 
You are standing at the end of a road before a small brick building.
Around you is a forest.  A small stream flows out of the building and
down a gully.
* 
You are inside a building, a well house for a large spring.
There are some keys on the ground here.
There is a shiny brass lamp nearby.
There is food here.
There is a bottle of water here.
* OK.
* OK.
* OK.
* OK.
* 
It is now pitch dark.  If you proceed you will most likely fall into a pit.
A hollow voice says "PLUGH".
* Your lamp is now on.

You are in a large room, with a passage to the south, a passage to the
west, and a wall of broken rock to the east.  There is a large "Y2" on
a rock in the room's center.
* 
You are in a low N/S passage at a hole in the floor.  The hole goes
down to an E/W passage.
There are bars of silver here!
* OK.
* 
You're at "Y2".
* 
You're inside building.
* OK.
* OK.
* OK.
* OK.
* 
You are in a debris room filled with stuff washed in from the surface.
A low wide passage with cobbles becomes plugged with mud and debris
here, but an awkward canyon leads upward and west.  A note on the wall
says "MAGIC WORD XYZZY".
A three-foot black rod with a rusty star on an end lies nearby.
* Your lamp is now on.
* OK.
* 
You are in an awkward sloping east/west canyon.
* I see no cage here.
* 
You are in a splendid chamber thirty feet high.  The walls are frozen
rivers of orange stone.  An awkward canyon and a good passage exit
from east and west sides of the chamber.
A cheerful little bird is sitting here singing.
* The bird was unafraid when you entered, but as you approach it becomes
disturbed and you cannot catch it.
* OK.
* 
At your feet is a small pit breathing traces of white mist.  An east
passage ends here except for a small crack leading on.
Rough stone steps lead down the pit.
* 
You are at one end of a vast hall stretching forward out of sight to
the west.  There are openings to either side.  Nearby, a wide stone
staircase leads downward.  The hall is filled with wisps of white mist
swaying to and fro almost as if alive.  A cold wind blows up the
staircase.  There is a passage at the top of a dome behind you.
Rough stone steps lead up the dome.
* Sorry, I don't know the word "rod2".
* 
You're at top of small pit.
Rough stone steps lead down the pit.
* 
You're in bird chamber.
A three-foot black rod with a rusty star on an end lies nearby.
A cheerful little bird is sitting here singing.
* I see no gold here.
* 
You're at top of small pit.
Rough stone steps lead down the pit.
* There is no way to go in that direction.

You're at top of small pit.
Rough stone steps lead down the pit.
* I see no diamonds here.
* Do you really want to quit now?
** OK.
You scored 69 points out of a possible 350, using 33 turns.
Your score qualifies you as a novice class adventurer.
To achieve the next higher rating, you need 32 more points.
